error: EnumConversions only works with enums that have unnamed single fields
 --> tests/compile_fail/multiple_fields.rs:6:5
  |
6 |     A(u8, u8),
  |     ^^^^^^^^^

error[E0412]: cannot find type `Enum` in this scope
 --> tests/compile_fail/multiple_fields.rs:3:10
  |
3 | #[derive(Debug)]
  |          ^^^^^ not found in this scope
  |
help: consider importing this struct
  |
1 + use syn::token::Enum;
  |

error[E0433]: failed to resolve: use of undeclared type `Enum`
 --> tests/compile_fail/multiple_fields.rs:6:5
  |
6 |     A(u8, u8),
  |     ^^^^^^^^^ use of undeclared type `Enum`
  |
help: consider importing this struct
  |
1 + use syn::token::Enum;
  |
